// Jest Snapshot v1, https://goo.gl/fbAQLP

exports[`snapshot test 1`] = `
<div
  className="button-container"
>
  <button
    className="game-button"
    disabled={false}
    onClick={[Function]}
    type="button"
  >
    Uusi peli
  </button>
</div>
`;
